diff --git a/.agent_state/router_profile.json b/.agent_state/router_profile.json index 1517598..d0e3a8a 100644 --- a/.agent_state/router_profile.json +++ b/.agent_state/router_profile.json @@ -2,6 +2,6 @@    "escalate_af